[sites.google.com/view/teatro-ipagro/inicio.html]
[sites.google.com/view/teatro-ipagro/POST.1.delayed]
[backblue.gif]
[fade.gif]
[index.html]
[ssl.gstatic.com/atari/images/vision-header.jpg]
[apis.google.com/js/clientc932.js]
[sites.google.com/view/teatro-ipagro/2022-andalucia/guion.html]
[sites.google.com/view/teatro-ipagro/2022-andalucia/vídeo.html]
[sites.google.com/view/teatro-ipagro/2023-navidad/guion.html]
[sites.google.com/view/teatro-ipagro/2023-navidad/fotos.html]
[sites.google.com/view/teatro-ipagro/2023-andalucia/guion.html]
[sites.google.com/view/teatro-ipagro/2023-andalucia/presentación.html]
[sites.google.com/view/teatro-ipagro/2023-andalucia/vídeo.html]
[sites.google.com/view/teatro-ipagro/2023-festival/vídeo.html]
[sites.google.com/view/teatro-ipagro/2023-don-juan/vídeo.html]
[sites.google.com/view/teatro-ipagro/2023-don-juan/fotos.html]
[sites.google.com/view/teatro-ipagro/2024-puebla-de-mujeres/vídeo.html]
[sites.google.com/view/teatro-ipagro/2024-puebla-de-mujeres/fotos.html]
[sites.google.com/view/teatro-ipagro/2025-festival/vídeo.html]
[sites.google.com/view/teatro-ipagro/vídeo-agradecimiento.html]
[sites.google.com/view/teatro-ipagro/vídeo-historia.html]
[sites.google.com/view/teatro-ipagro/ㅤ_5.html]
[sites.google.com/view/teatro-ipagro/ㅤ_8.html]
[sites.google.com/view/teatro-ipagro/ㅤ_7.html]
[sites.google.com/view/teatro-ipagro/contactenos.html]
[sites.google.com/view/teatro-ipagro/inicio.html]
[sites.google.com/view/teatro-ipagro/POST.html]
[sites.google.com/view/teatro-ipagro/quienes-somos.html]
[sites.google.com/view/teatro-ipagro/2022-andalucia/POST.18.delayed]
[www.google.com/images/icons/product/drive-32.png]
[sites.google.com/view/teatro-ipagro/2022-andalucia/guion.html]
[sites.google.com/view/teatro-ipagro/2022-andalucia/vídeo.html]
[sites.google.com/view/teatro-ipagro/2023-navidad/POST.1a.delayed]
[sites.google.com/view/teatro-ipagro/2023-navidad/guion.html]
[sites.google.com/view/teatro-ipagro/2023-navidad/fotos.html]
[sites.google.com/view/teatro-ipagro/2023-andalucia/POST.1b.delayed]
[sites.google.com/view/teatro-ipagro/2023-andalucia/guion.html]
[sites.google.com/view/teatro-ipagro/2023-andalucia/presentación.html]
[sites.google.com/view/teatro-ipagro/2023-andalucia/vídeo.html]
[sites.google.com/view/teatro-ipagro/2023-festival/POST.1c.delayed]
[sites.google.com/view/teatro-ipagro/2023-festival/vídeo.html]
[sites.google.com/view/teatro-ipagro/2023-don-juan/POST.1d.delayed]
[sites.google.com/view/teatro-ipagro/2023-don-juan/vídeo.html]
[sites.google.com/view/teatro-ipagro/2023-don-juan/fotos.html]
[sites.google.com/view/teatro-ipagro/2024-puebla-de-mujeres/POST.1e.delayed]
[sites.google.com/view/teatro-ipagro/2024-puebla-de-mujeres/vídeo.html]
[sites.google.com/view/teatro-ipagro/2024-puebla-de-mujeres/fotos.html]
[sites.google.com/view/teatro-ipagro/2025-festival/POST.1f.delayed]
[sites.google.com/view/teatro-ipagro/2025-festival/vídeo.html]
[sites.google.com/view/teatro-ipagro/vídeo-agradecimiento.html]
[sites.google.com/view/teatro-ipagro/vídeo-historia.html]
[sites.google.com/view/teatro-ipagro/ㅤ_5.html]
[sites.google.com/view/teatro-ipagro/ㅤ_8.html]
[sites.google.com/view/teatro-ipagro/ㅤ_7.html]
[sites.google.com/view/teatro-ipagro/contactenos.html]
[sites.google.com/view/teatro-ipagro/quienes-somos.html]
[sites.google.com/view/teatro-ipagro/2022-andalucia/POST.html]
[sites.google.com/view/teatro-ipagro/2023-navidad/POST.html]
[sites.google.com/view/teatro-ipagro/2023-andalucia/POST.html]
[sites.google.com/view/teatro-ipagro/2023-festival/POST.html]
[sites.google.com/view/teatro-ipagro/2023-don-juan/POST.html]
[sites.google.com/view/teatro-ipagro/2024-puebla-de-mujeres/POST.html]
[sites.google.com/view/teatro-ipagro/2025-festival/POST.html]
